// Jest Snapshot v1, https://goo.gl/fbAQLP

exports[`createGamePlayerConfig transformation correctness should correctly transform complete config - happy path: complete config transformation 1`] = `
{
  "autoWaitForEngine": true,
  "baseUrl": "http://localhost:3002",
  "retries": {
    "backoffFactor": 1.5,
    "defaultAttempts": 3,
    "delayMs": 500,
  },
  "timeouts": {
    "default": 30000,
    "engineResponse": 15000,
    "navigation": 60000,
    "waitForSelector": 30000,
  },
  "verbose": true,
}
`;
